[    0.000000] Linux version 5.10.157-139.675.amzn2.x86_64 (mockbuild@ip-10-0-50-15) (gcc10-gcc (GCC) 10.3.1 20210422 (Red Hat 10.3.1-1), GNU ld version 2.35.2-9.amzn2.0.1) #1 SMP Thu Dec 8 01:29:11 UTC 2022
[    0.000000] Command line: BOOT_IMAGE=/boot/vmlinuz-5.10.157-139.675.amzn2.x86_64 root=UUID=47834bf7-764e-42f9-9507-11a3e70b99de ro console=tty0 console=ttyS0,115200n8 net.ifnames=0 biosdevname=0 nvme_core.io_timeout=4294967295 rd.emergency=poweroff rd.shell=0
[    0.000000] KASLR disabled
[    0.000000] x86/fpu: Supporting XSAVE feature 0x001: 'x87 floating point registers'
[    0.000000] x86/fpu: Supporting XSAVE feature 0x002: 'SSE registers'
[    0.000000] x86/fpu: Supporting XSAVE feature 0x004: 'AVX registers'
[    0.000000] x86/fpu: xstate_offset[2]:  576, xstate_sizes[2]:  256
[    0.000000] x86/fpu: Enabled xstate features 0x7, context size is 832 bytes, using 'standard' format.
[    0.000000] BIOS-provided physical RAM map:
[    0.000000] BIOS-e820: [mem 0x0000000000000000-0x000000000009dfff] usable
[    0.000000] BIOS-e820: [mem 0x000000000009e000-0x000000000009ffff] reserved
[    0.000000] BIOS-e820: [mem 0x00000000000e0000-0x00000000000fffff] reserved
[    0.000000] BIOS-e820: [mem 0x0000000000100000-0x000000003fffffff] usable
[    0.000000] BIOS-e820: [mem 0x00000000fc000000-0x00000000ffffffff] reserved
[    0.000000] NX (Execute Disable) protection: active
[    0.000000] SMBIOS 2.7 present.
[    0.000000] DMI: Xen HVM domU, BIOS 4.11.amazon 08/24/2006
[    0.000000] Hypervisor detected: Xen HVM
[    0.000000] Xen version 4.11.
[    0.000000] Netfront and the Xen platform PCI driver have been compiled for this kernel: unplug emulated NICs.
[    0.000000] Blkfront and the Xen platform PCI driver have been compiled for this kernel: unplug emulated disks.
[    0.000000] You might have to change the root device
[    0.000000] from /dev/hd[a-d] to /dev/xvd[a-d]
[    0.000000] in your root= kernel command line option
[    0.021902] tsc: Fast TSC calibration using PIT
[    0.021905] tsc: Detected 2400.116 MHz processor
[    0.021906] tsc: Detected 2400.012 MHz TSC
[    0.022428] last_pfn = 0x40000 max_arch_pfn = 0x400000000
[    0.026054] x86/PAT: Configuration [0-7]: WB  WC  UC- UC  WB  WP  UC- WT  
[    0.037031] found SMP MP-table at [mem 0x000fb9a0-0x000fb9af]
[    0.037066] check: Scanning 1 areas for low memory corruption
[    0.037273] RAMDISK: [mem 0x36ad1000-0x3755ffff]
[    0.037289] ACPI: Early table checksum verification disabled
[    0.037293] ACPI: RSDP 0x00000000000EA020 000024 (v02 Xen   )
[    0.037307] ACPI: XSDT 0x00000000FC00C780 000054 (v01 Xen    HVM      00000000 HVML 00000000)
[    0.037322] ACPI: FACP 0x00000000FC00C440 0000F4 (v04 Xen    HVM      00000000 HVML 00000000)
[    0.037373] ACPI: DSDT 0x00000000FC003940 008A7E (v02 Xen    HVM      00000000 INTL 20090123)
[    0.037378] ACPI: FACS 0x00000000FC003900 000040
[    0.037382] ACPI: FACS 0x00000000FC003900 000040
[    0.037387] ACPI: APIC 0x00000000FC00C540 0000D8 (v02 Xen    HVM      00000000 HVML 00000000)
[    0.037392] ACPI: HPET 0x00000000FC00C690 000038 (v01 Xen    HVM      00000000 HVML 00000000)
[    0.037397] ACPI: WAET 0x00000000FC00C6D0 000028 (v01 Xen    HVM      00000000 HVML 00000000)
[    0.037402] ACPI: SSDT 0x00000000FC00C700 000031 (v02 Xen    HVM      00000000 INTL 20090123)
[    0.037407] ACPI: SSDT 0x00000000FC00C740 000033 (v02 Xen    HVM      00000000 INTL 20090123)
[    0.037410] ACPI: Reserving FACP table memory at [mem 0xfc00c440-0xfc00c533]
[    0.037411] ACPI: Reserving DSDT table memory at [mem 0xfc003940-0xfc00c3bd]
[    0.037413] ACPI: Reserving FACS table memory at [mem 0xfc003900-0xfc00393f]
[    0.037414] ACPI: Reserving FACS table memory at [mem 0xfc003900-0xfc00393f]
[    0.037415] ACPI: Reserving APIC table memory at [mem 0xfc00c540-0xfc00c617]
[    0.037416] ACPI: Reserving HPET table memory at [mem 0xfc00c690-0xfc00c6c7]
[    0.037417] ACPI: Reserving WAET table memory at [mem 0xfc00c6d0-0xfc00c6f7]
[    0.037418] ACPI: Reserving SSDT table memory at [mem 0xfc00c700-0xfc00c730]
[    0.037419] ACPI: Reserving SSDT table memory at [mem 0xfc00c740-0xfc00c772]
[    0.039461] No NUMA configuration found
[    0.039463] Faking a node at [mem 0x0000000000000000-0x000000003fffffff]
[    0.039473] NODE_DATA(0) allocated [mem 0x3ffde000-0x3fffffff]
[    0.039834] Zone ranges:
[    0.039835]   DMA      [mem 0x0000000000001000-0x0000000000ffffff]
[    0.039837]   DMA32    [mem 0x0000000001000000-0x000000003fffffff]
[    0.039839]   Normal   empty
[    0.039840] Movable zone start for each node
[    0.039844] Early memory node ranges
[    0.039845]   node   0: [mem 0x0000000000001000-0x000000000009dfff]
[    0.039846]   node   0: [mem 0x0000000000100000-0x000000003fffffff]
[    0.039849] Initmem setup node 0 [mem 0x0000000000001000-0x000000003fffffff]
[    0.039870] On node 0, zone DMA: 1 pages in unavailable ranges
[    0.039959] On node 0, zone DMA: 98 pages in unavailable ranges
[    0.043747] ACPI: PM-Timer IO Port: 0xb008
[    0.043827] IOAPIC[0]: apic_id 1, version 17, address 0xfec00000, GSI 0-47
[    0.043834] ACPI: INT_SRC_OVR (bus 0 bus_irq 0 global_irq 2 dfl dfl)
[    0.043837] ACPI: INT_SRC_OVR (bus 0 bus_irq 5 global_irq 5 low level)
[    0.043839] ACPI: INT_SRC_OVR (bus 0 bus_irq 10 global_irq 10 low level)
[    0.043842] ACPI: INT_SRC_OVR (bus 0 bus_irq 11 global_irq 11 low level)
[    0.043857] Using ACPI (MADT) for SMP configuration information
[    0.043859] ACPI: HPET id: 0x8086a201 base: 0xfed00000
[    0.043862] TSC deadline timer available
[    0.043871] smpboot: Allowing 15 CPUs, 14 hotplug CPUs
[    0.043880] PM: hibernation: Registered nosave memory: [mem 0x00000000-0x00000fff]
[    0.043883] PM: hibernation: Registered nosave memory: [mem 0x0009e000-0x0009ffff]
[    0.043884] PM: hibernation: Registered nosave memory: [mem 0x000a0000-0x000dffff]
[    0.043885] PM: hibernation: Registered nosave memory: [mem 0x000e0000-0x000fffff]
[    0.043887] [mem 0x40000000-0xfbffffff] available for PCI devices
[    0.043889] Booting paravirtualized kernel on Xen HVM
[    0.043892] clocksource: refined-jiffies: mask: 0xffffffff max_cycles: 0xffffffff, max_idle_ns: 7645519600211568 ns
[    0.048094] setup_percpu: NR_CPUS:8192 nr_cpumask_bits:15 nr_cpu_ids:15 nr_node_ids:1
[    0.048922] percpu: Embedded 62 pages/cpu s217088 r8192 d28672 u262144
[    0.048971] PV qspinlock hash table entries: 256 (order: 0, 4096 bytes, linear)
[    0.048974] Fallback order for Node 0: 0 
[    0.048979] Built 1 zonelists, mobility grouping on.  Total pages: 257928
[    0.048980] Policy zone: DMA32
[    0.048982] Kernel command line: BOOT_IMAGE=/boot/vmlinuz-5.10.157-139.675.amzn2.x86_64 root=UUID=47834bf7-764e-42f9-9507-11a3e70b99de ro console=tty0 console=ttyS0,115200n8 net.ifnames=0 biosdevname=0 nvme_core.io_timeout=4294967295 rd.emergency=poweroff rd.shell=0
[    0.049246] Dentry cache hash table entries: 131072 (order: 8, 1048576 bytes, linear)
[    0.049324] Inode-cache hash table entries: 65536 (order: 7, 524288 bytes, linear)
[    0.049474] mem auto-init: stack:off, heap alloc:off, heap free:off
[    0.051045] Memory: 216300K/1048180K available (12299K kernel code, 9433K rwdata, 7936K rodata, 2444K init, 6560K bss, 77840K reserved, 0K cma-reserved)
[    0.051329] SLUB: HWalign=64, Order=0-3, MinObjects=0, CPUs=15, Nodes=1
[    0.051345] Kernel/User page tables isolation: enabled
[    0.051363] ftrace: allocating 39742 entries in 156 pages
[    0.071025] ftrace: allocated 156 pages with 4 groups
[    0.071257] rcu: Hierarchical RCU implementation.
[    0.071259] rcu: 	RCU restricting CPUs from NR_CPUS=8192 to nr_cpu_ids=15.
[    0.071261] 	Rude variant of Tasks RCU enabled.
[    0.071262] 	Tracing variant of Tasks RCU enabled.
[    0.071265] rcu: RCU calculated value of scheduler-enlistment delay is 25 jiffies.
[    0.071266] rcu: Adjusting geometry for rcu_fanout_leaf=16, nr_cpu_ids=15
[    0.075585] NR_IRQS: 524544, nr_irqs: 952, preallocated irqs: 16
[    0.075618] xen:events: Using 2-level ABI
[    0.075756] xen:events: Xen HVM callback vector for event delivery is enabled
[    0.075908] random: crng init done
[    0.120333] Console: colour VGA+ 80x25
[    0.224559] printk: console [tty0] enabled
[    0.225662] Cannot get hvm parameter CONSOLE_EVTCHN (18): -22!
[    0.909509] printk: console [ttyS0] enabled
[    0.914590] ACPI: Core revision 20200925
[    0.924329] clocksource: hpet: mask: 0xffffffff max_cycles: 0xffffffff, max_idle_ns: 30580167144 ns
[    0.939399] APIC: Switch to symmetric I/O mode setup
[    0.945589] x2apic: IRQ remapping doesn't support X2APIC mode
[    0.953057] Switched APIC routing to physical flat.
[    0.960832] ..TIMER: vector=0x30 apic1=0 pin1=2 apic2=0 pin2=0
[    0.987028] clocksource: tsc-early: mask: 0xffffffffffffffff max_cycles: 0x229842dd0bd, max_idle_ns: 440795319571 ns
[    0.997718] Calibrating delay loop (skipped), value calculated using timer frequency.. 4800.02 BogoMIPS (lpj=9600048)
[    1.017719] pid_max: default: 32768 minimum: 301
[    1.025774] LSM: Security Framework initializing
[    1.029738] Yama: becoming mindful.
[    1.033743] SELinux:  Initializing.
[    1.037744] LSM support for eBPF active
[    1.041755] Mount-cache hash table entries: 2048 (order: 2, 16384 bytes, linear)
[    1.049721] Mountpoint-cache hash table entries: 2048 (order: 2, 16384 bytes, linear)
[    1.058139] Last level iTLB entries: 4KB 1024, 2MB 1024, 4MB 1024
[    1.065717] Last level dTLB entries: 4KB 1024, 2MB 1024, 4MB 1024, 1GB 4
[    1.073719] Spectre V1 : Mitigation: usercopy/swapgs barriers and __user pointer sanitization
[    1.081717] Spectre V2 : Mitigation: Retpolines
[    1.085715] Spectre V2 : Spectre v2 / SpectreRSB mitigation: Filling RSB on context switch
[    1.097716] Speculative Store Bypass: Vulnerable
[    1.105722] MDS: Vulnerable: Clear CPU buffers attempted, no microcode
[    1.113715] MMIO Stale Data: Vulnerable: Clear CPU buffers attempted, no microcode
[    1.138889] clocksource: xen: mask: 0xffffffffffffffff max_cycles: 0x1cd42e4dffb, max_idle_ns: 881590591483 ns
[    1.145735] installing Xen timer for CPU 0
[    1.153796] smpboot: CPU0: Intel(R) Xeon(R) CPU E5-2676 v3 @ 2.40GHz (family: 0x6, model: 0x3f, stepping: 0x2)
[    1.157758] cpu 0 spinlock event irq 53
[    1.161893] Performance Events: unsupported p6 CPU model 63 no PMU driver, software events only.
[    1.165788] rcu: Hierarchical SRCU implementation.
[    1.170092] NMI watchdog: Perf NMI watchdog permanently disabled
[    1.173957] smp: Bringing up secondary CPUs ...
[    1.177724] smp: Brought up 1 node, 1 CPU
[    1.181722] smpboot: Max logical packages: 15
[    1.185729] smpboot: Total of 1 processors activated (4800.02 BogoMIPS)
[    1.198500] node 0 deferred pages initialised in 4ms
[    1.201889] devtmpfs: initialized
[    1.205518] x86/mm: Memory block size: 128MB
[    1.206100] clocksource: jiffies: mask: 0xffffffff max_cycles: 0xffffffff, max_idle_ns: 7645041785100000 ns
[    1.209726] futex hash table entries: 4096 (order: 6, 262144 bytes, linear)
[    1.214135] NET: Registered protocol family 16
[    1.217882] DMA: preallocated 128 KiB GFP_KERNEL pool for atomic allocations
[    1.221750] DMA: preallocated 128 KiB GFP_KERNEL|GFP_DMA pool for atomic allocations
[    1.225746] DMA: preallocated 128 KiB GFP_KERNEL|GFP_DMA32 pool for atomic allocations
[    1.229746] audit: initializing netlink subsys (disabled)
[    1.233916] thermal_sys: Registered thermal governor 'fair_share'
[    1.233917] thermal_sys: Registered thermal governor 'step_wise'
[    1.237725] thermal_sys: Registered thermal governor 'user_space'
[    1.241734] cpuidle: using governor ladder
[    1.249722] cpuidle: using governor menu
[    1.253801] ACPI: bus type PCI registered
[    1.257720] acpiphp: ACPI Hot Plug PCI Controller Driver version: 0.5
[    1.262273] PCI: Using configuration type 1 for base access
[    1.267228] Kprobes globally optimized
[    1.272844] audit: type=2000 audit(1672791234.369:1): state=initialized audit_enabled=0 res=1
[    1.278531] HugeTLB registered 2.00 MiB page size, pre-allocated 0 pages
[    1.447616] ACPI: Added _OSI(Module Device)
[    1.449726] ACPI: Added _OSI(Processor Device)
[    1.453718] ACPI: Added _OSI(3.0 _SCP Extensions)
[    1.457723] ACPI: Added _OSI(Processor Aggregator Device)
[    1.461723] ACPI: Added _OSI(Linux-Dell-Video)
[    1.465723] ACPI: Added _OSI(Linux-Lenovo-NV-HDMI-Audio)
[    1.469722] ACPI: Added _OSI(Linux-HPI-Hybrid-Graphics)
[    1.479743] ACPI: 3 ACPI AML tables successfully acquired and loaded
[    1.483513] ACPI: Interpreter enabled
[    1.485739] ACPI: (supports S0 S4 S5)
[    1.489721] ACPI: Using IOAPIC for interrupt routing
[    1.493780] PCI: Using host bridge windows from ACPI; if necessary, use "pci=nocrs" and report a bug
[    1.498163] ACPI: Enabled 2 GPEs in block 00 to 0F
[    1.526312] ACPI: PCI Root Bridge [PCI0] (domain 0000 [bus 00-ff])
[    1.529730] acpi PNP0A03:00: _OSC: OS supports [ASPM ClockPM Segments MSI HPX-Type3]
[    1.533738] acpi PNP0A03:00: fail to add MMCONFIG information, can't access extended PCI configuration space under this bridge.
[    1.538858] acpiphp: Slot [0] registered
[    1.543190] acpiphp: Slot [3] registered
[    1.546187] acpiphp: Slot [4] registered
[    1.550248] acpiphp: Slot [5] registered
[    1.554236] acpiphp: Slot [6] registered
[    1.558233] acpiphp: Slot [7] registered
[    1.562203] acpiphp: Slot [8] registered
[    1.566221] acpiphp: Slot [9] registered
[    1.570234] acpiphp: Slot [10] registered
[    1.574220] acpiphp: Slot [11] registered
[    1.578211] acpiphp: Slot [12] registered
[    1.582181] acpiphp: Slot [13] registered
[    1.586190] acpiphp: Slot [14] registered
[    1.590235] acpiphp: Slot [15] registered
[    1.594231] acpiphp: Slot [16] registered
[    1.598395] acpiphp: Slot [17] registered
[    1.602356] acpiphp: Slot [18] registered
[    1.606248] acpiphp: Slot [19] registered
[    1.610217] acpiphp: Slot [20] registered
[    1.614189] acpiphp: Slot [21] registered
[    1.618229] acpiphp: Slot [22] registered
[    1.622201] acpiphp: Slot [23] registered
[    1.626192] acpiphp: Slot [24] registered
[    1.630189] acpiphp: Slot [25] registered
[    1.634257] acpiphp: Slot [26] registered
[    1.638300] acpiphp: Slot [27] registered
[    1.642247] acpiphp: Slot [28] registered
[    1.646224] acpiphp: Slot [29] registered
[    1.650252] acpiphp: Slot [30] registered
[    1.654177] acpiphp: Slot [31] registered
[    1.658241] PCI host bridge to bus 0000:00
[    1.661724] pci_bus 0000:00: root bus resource [io  0x0000-0x0cf7 window]
[    1.665723] pci_bus 0000:00: root bus resource [io  0x0d00-0xffff window]
[    1.669724] pci_bus 0000:00: root bus resource [mem 0x000a0000-0x000bffff window]
[    1.673723] pci_bus 0000:00: root bus resource [mem 0xf0000000-0xfbffffff window]
[    1.677723] pci_bus 0000:00: root bus resource [bus 00-ff]
[    1.682014] pci 0000:00:00.0: [8086:1237] type 00 class 0x060000
[    1.689540] pci 0000:00:01.0: [8086:7000] type 00 class 0x060100
[    1.693853] pci 0000:00:01.1: [8086:7010] type 00 class 0x010180
[    1.700855] pci 0000:00:01.1: reg 0x20: [io  0xc100-0xc10f]
[    1.703166] pci 0000:00:01.1: legacy IDE quirk: reg 0x10: [io  0x01f0-0x01f7]
[    1.705722] pci 0000:00:01.1: legacy IDE quirk: reg 0x14: [io  0x03f6]
[    1.709723] pci 0000:00:01.1: legacy IDE quirk: reg 0x18: [io  0x0170-0x0177]
[    1.713721] pci 0000:00:01.1: legacy IDE quirk: reg 0x1c: [io  0x0376]
[    1.718796] * Found PM-Timer Bug on the chipset. Due to workarounds for a bug,
[    1.718796] * this clock source is slow. Consider trying other clock sources
[    1.721724] pci 0000:00:01.3: [8086:7113] type 00 class 0x068000
[    1.727979] pci 0000:00:01.3: quirk: [io  0xb000-0xb03f] claimed by PIIX4 ACPI
[    1.731277] pci 0000:00:02.0: [1013:00b8] type 00 class 0x030000
[    1.734352] pci 0000:00:02.0: reg 0x10: [mem 0xf0000000-0xf1ffffff pref]
[    1.738119] pci 0000:00:02.0: reg 0x14: [mem 0xf3000000-0xf3000fff]
[    1.744766] pci 0000:00:03.0: [5853:0001] type 00 class 0xff8000
[    1.746419] pci 0000:00:03.0: reg 0x10: [io  0xc000-0xc0ff]
[    1.750144] pci 0000:00:03.0: reg 0x14: [mem 0xf2000000-0xf2ffffff pref]
[    1.758354] ACPI: PCI Interrupt Link [LNKA] (IRQs *5 10 11)
[    1.762019] ACPI: PCI Interrupt Link [LNKB] (IRQs 5 *10 11)
[    1.766060] ACPI: PCI Interrupt Link [LNKC] (IRQs 5 10 *11)
[    1.770085] ACPI: PCI Interrupt Link [LNKD] (IRQs *5 10 11)
[    1.785041] xen:balloon: Initialising balloon driver
[    1.794919] iommu: Default domain type: Translated 
[    1.797942] pci 0000:00:02.0: vgaarb: setting as boot VGA device
[    1.801713] pci 0000:00:02.0: vgaarb: VGA device added: decodes=io+mem,owns=io+mem,locks=none
[    1.801735] pci 0000:00:02.0: vgaarb: bridge control possible
[    1.805721] vgaarb: loaded
[    1.809860] EDAC MC: Ver: 3.0.0
[    1.814379] NetLabel: Initializing
[    1.817706] NetLabel:  domain hash size = 128
[    1.817727] NetLabel:  protocols = UNLABELED CIPSOv4 CALIPSO
[    1.821740] NetLabel:  unlabeled traffic allowed by default
[    1.825722] PCI: Using ACPI for IRQ routing
[    1.830620] hpet: 3 channels of 0 reserved for per-cpu timers
[    1.833733] hpet0: at MMIO 0xfed00000, IRQs 2, 8, 0
[    1.837724] hpet0: 3 comparators, 64-bit 62.500000 MHz counter
[    1.844859] clocksource: Switched to clocksource xen
[    1.867418] VFS: Disk quotas dquot_6.6.0
[    1.871413] VFS: Dquot-cache hash table entries: 512 (order 0, 4096 bytes)
[    1.877862] pnp: PnP ACPI init
[    1.881141] system 00:00: [mem 0x00000000-0x0009ffff] could not be reserved
[    1.887765] system 00:01: [io  0x08a0-0x08a3] has been reserved
[    1.893509] system 00:01: [io  0x0cc0-0x0ccf] has been reserved
[    1.899661] system 00:01: [io  0x04d0-0x04d1] has been reserved
[    1.905856] system 00:07: [io  0x10c0-0x1141] has been reserved
[    1.911943] system 00:07: [io  0xb044-0xb047] has been reserved
[    1.928711] pnp: PnP ACPI: found 8 devices
[    1.940350] clocksource: acpi_pm: mask: 0xffffff max_cycles: 0xffffff, max_idle_ns: 2085701024 ns
[    1.949633] NET: Registered protocol family 2
[    1.954388] IP idents hash table entries: 16384 (order: 5, 131072 bytes, linear)
[    1.962082] tcp_listen_portaddr_hash hash table entries: 512 (order: 1, 8192 bytes, linear)
[    1.970777] TCP established hash table entries: 8192 (order: 4, 65536 bytes, linear)
[    1.978517] TCP bind hash table entries: 8192 (order: 5, 131072 bytes, linear)
[    1.986574] TCP: Hash tables configured (established 8192 bind 8192)
[    1.993829] MPTCP token hash table entries: 1024 (order: 2, 24576 bytes, linear)
[    2.002424] UDP hash table entries: 512 (order: 2, 16384 bytes, linear)
[    2.010062] UDP-Lite hash table entries: 512 (order: 2, 16384 bytes, linear)
[    2.018058] NET: Registered protocol family 1
[    2.023235] NET: Registered protocol family 44
[    2.028372] pci_bus 0000:00: resource 4 [io  0x0000-0x0cf7 window]
[    2.035270] pci_bus 0000:00: resource 5 [io  0x0d00-0xffff window]
[    2.041863] pci_bus 0000:00: resource 6 [mem 0x000a0000-0x000bffff window]
[    2.049591] pci_bus 0000:00: resource 7 [mem 0xf0000000-0xfbffffff window]
[    2.057322] pci 0000:00:01.0: PIIX3: Enabling Passive Release
[    2.063775] pci 0000:00:00.0: Limiting direct PCI/PCI transfers
[    2.069457] pci 0000:00:01.0: Activating ISA DMA hang workarounds
[    2.076642] pci 0000:00:02.0: Video device with shadowed ROM at [mem 0x000c0000-0x000dffff]
[    2.086253] PCI: CLS 0 bytes, default 64
[    2.092591] Trying to unpack rootfs image as initramfs...
[    2.122921] Freeing initrd memory: 10812K
[    2.128017] clocksource: tsc: mask: 0xffffffffffffffff max_cycles: 0x229842dd0bd, max_idle_ns: 440795319571 ns
[    2.139020] check: Scanning for low memory corruption every 60 seconds
[    2.150257] Initialise system trusted keyrings
[    2.155338] Key type blacklist registered
[    2.161317] workingset: timestamp_bits=36 max_order=18 bucket_order=0
[    2.170093] zbud: loaded
[    2.173366] SGI XFS with ACLs, security attributes, quota, no debug enabled
[    2.182210] Key type asymmetric registered
[    2.187544] Asymmetric key parser 'x509' registered
[    2.193440] Block layer SCSI generic (bsg) driver version 0.4 loaded (major 251)
[    2.202558] io scheduler mq-deadline registered
[    2.208417] io scheduler kyber registered
[    2.213301] io scheduler bfq registered
[    2.218785] shpchp: Standard Hot Plug PCI Controller Driver version: 0.4
[    2.388466] xen:grant_table: Grant tables using version 1 layout
[    2.395050] Grant table initialized
[    2.398985] Cannot get hvm parameter CONSOLE_EVTCHN (18): -22!
[    2.404499] Serial: 8250/16550 driver, 4 ports, IRQ sharing disabled
[    2.411908] 00:06: ttyS0 at I/O 0x3f8 (irq = 4, base_baud = 115200) is a 16550A
[    2.438708] Invalid max_queues (4), will use default max: 1.
[    2.445670] xen_netfront: Initialising Xen virtual ethernet driver
[    2.453674] i8042: PNP: PS/2 Controller [PNP0303:PS2K,PNP0f13:PS2M] at 0x60,0x64 irq 1,12
[    2.464962] serio: i8042 KBD port at 0x60,0x64 irq 1
[    2.470137] serio: i8042 AUX port at 0x60,0x64 irq 12
[    2.476895] input: AT Translated Set 2 keyboard as /devices/platform/i8042/serio0/input/input0
[    2.487060] rtc_cmos 00:02: registered as rtc0
[    2.492127] rtc_cmos 00:02: setting system clock to 2023-01-04T00:13:56 UTC (1672791236)
[    2.501681] rtc_cmos 00:02: alarms up to one day, 114 bytes nvram, hpet irqs
[    2.510015] intel_pstate: CPU model not supported
[    2.515673] hid: raw HID events driver (C) Jiri Kosina
[    2.522088] NET: Registered protocol family 10
[    2.531687] Segment Routing with IPv6
[    2.535823] NET: Registered protocol family 17
[    2.540768] IPI shorthand broadcast: enabled
[    2.545254] sched_clock: Marking stable (1679417202, 865812438)->(3004305146, -459075506)
[    2.554002] registered taskstats version 1
[    2.559471] Loading compiled-in X.509 certificates
[    2.567090] Loaded X.509 cert 'Build time autogenerated kernel key: 3df56e130093736d6b057dd93715f3cc3bd0c515'
[    2.577532] zswap: loaded using pool lzo/zbud
[    2.583534] ima: No TPM chip found, activating TPM-bypass!
[    2.591729] ima: Allocated hash algorithm: sha1
[    2.597557] ima: No architecture policies found
[    2.608280] blkfront: xvda: barrier or flush: disabled; persistent grants: disabled; indirect descriptors: enabled; bounce buffer: disabled;
[    2.625898]  xvda: xvda1
[    2.708182] Freeing unused decrypted memory: 2036K
[    2.714583] Freeing unused kernel image (initmem) memory: 2444K
[    2.721240] Write protecting the kernel read-only data: 22528k
[    2.728285] Freeing unused kernel image (text/rodata gap) memory: 2036K
[    2.735813] Freeing unused kernel image (rodata/data gap) memory: 256K
[    2.743042] Run /init as init process
[    2.750773] systemd[1]: systemd 219 running in system mode. (+PAM +AUDIT +SELINUX +IMA -APPARMOR +SMACK +SYSVINIT +UTMP +LIBCRYPTSETUP +GCRYPT +GNUTLS +ACL +XZ +LZ4 -SECCOMP +BLKID +ELFUTILS +KMOD +IDN)
[    2.768293] systemd[1]: Detected virtualization xen.
[    2.773631] systemd[1]: Detected architecture x86-64.
[    2.778932] systemd[1]: Running in initial RAM disk.

Welcome to [0;34mAmazon Linux 2 dracut-033-535.amzn2.1.6 (Initramfs)[0m!

[    2.790040] systemd[1]: No hostname configured.
[    2.794869] systemd[1]: Set hostname to <localhost>.
[    2.800201] systemd[1]: Initializing machine ID from random generator.
[    2.833099] systemd[1]: Reached target Local File Systems.
[[32m  OK  [0m] Reached target Local File Systems.
[    2.843181] systemd[1]: Created slice Root Slice.
[[32m  OK  [0m] Created slice Root Slice.
[    2.854896] systemd[1]: Listening on udev Kernel Socket.
[[32m  OK  [0m] Listening on udev Kernel Socket.
[[32m  OK  [0m] Listening on udev Control Socket.
[[32m  OK  [0m] Reached target Swap.
[[32m  OK  [0m] Reached target Timers.
[[32m  OK  [0m] Listening on Journal Socket.
[[32m  OK  [0m] Reached target Sockets.
[[32m  OK  [0m] Created slice System Slice.
[[32m  OK  [0m] Reached target Slices.
         Starting Create list of required st... nodes for the current kernel...
         Starting Journal Service...
         Starting Apply Kernel Variables...
[[32m  OK  [0m] Started Dispatch Password Requests to Console Directory Watch.
[[32m  OK  [0m] Reached target Paths.
[[32m  OK  [0m] Started Journal Service.
[[32m  OK  [0m] Started Create list of required sta...ce nodes for the current kernel.
[[32m  OK  [0m] Started Apply Kernel Variables.
         Starting Create Static Device Nodes in /dev...
[[32m  OK  [0m] Started Create Static Device Nodes in /dev.
         Starting udev Kernel Device Manager...
[[32m  OK  [0m] Started udev Kernel Device Manager.
         Starting dracut pre-trigger hook...
[[32m  OK  [0m] Started dracut pre-trigger hook.
         Starting udev Coldplug all Devices...
[[32m  OK  [0m] Started udev Coldplug all Devices.
         Starting dracut initqueue hook...
[[32m  OK  [0m] Reached target System Initialization.
[[32m  OK  [0m] Reached target Basic System.
[[32m  OK  [0m] Found device /dev/disk/by-uuid/47834bf7-764e-42f9-9507-11a3e70b99de.
         Starting File System Check on /dev/...7-764e-42f9-9507-11a3e70b99de...
[    3.185200] SCSI subsystem initialized
[[32m  OK  [0m] Started File System Check on /dev/d...bf7-764e-42f9-9507-11a3e70b99de.
[    3.208842] scsi host0: ata_piix
[    3.213914] scsi host1: ata_piix
[    3.218070] ata1: PATA max MWDMA2 cmd 0x1f0 ctl 0x3f6 bmdma 0xc100 irq 14
[    3.225351] ata2: PATA max MWDMA2 cmd 0x170 ctl 0x376 bmdma 0xc108 irq 15
[[32m  OK  [0m] Started dracut initqueue hook.
         Mounting /sysroot...
[[32m  OK  [0m] Reached target Remote File Systems (Pre).
[[32m  OK  [0m] Reached target Remote File Systems.
[    3.431486] XFS (xvda1): Mounting V5 Filesystem
[    3.623266] XFS (xvda1): Ending clean mount
[[32m  OK  [0m] Mounted /sysroot.
[[32m  OK  [0m] Reached target Initrd Root File System.
         Starting Reload Configuration from the Real Root...
[[32m  OK  [0m] Started Reload Configuration from the Real Root.
[[32m  OK  [0m] Reached target Initrd File Systems.
[[32m  OK  [0m] Reached target Initrd Default Target.
         Starting dracut pre-pivot and cleanup hook...
[[32m  OK  [0m] Started dracut pre-pivot and cleanup hook.
         Starting Cleaning Up and Shutting Down Daemons...
[[32m  OK  [0m] Started Cleaning Up and Shutting Down Daemons.
[[32m  OK  [0m] Stopped dracut pre-pivot and cleanup hook.
[[32m  OK  [0m] Stopped target Remote File Systems.
[[32m  OK  [0m] Stopped target Remote File Systems (Pre).
[[32m  OK  [0m] Stopped dracut initqueue hook.
[[32m  OK  [0m] Stopped target Initrd Default Target.
[[32m  OK  [0m] Stopped target Basic System.
[[32m  OK  [0m] Stopped target Paths.
[[32m  OK  [0m] Stopped Dispatch Password Requests to Console Directory Watch.
[[32m  OK  [0m] Stopped target Sockets.
[[32m  OK  [0m] Stopped target System Initialization.
[[32m  OK  [0m] Stopped udev Coldplug all Devices.
[[32m  OK  [0m] Stopped dracut pre-trigger hook.
[[32m  OK  [0m] Stopped Apply Kernel Variables.
[[32m  OK  [0m] Stopped target Swap.
[[32m  OK  [0m] Stopped target Local File Systems.
         Stopping udev Kernel Device Manager...
[[32m  OK  [0m] Stopped target Slices.
[[32m  OK  [0m] Stopped target Timers.
[[32m  OK  [0m] Stopped udev Kernel Device Manager.
[[32m  OK  [0m] Stopped Create Static Device Nodes in /dev.
[[32m  OK  [0m] Stopped Create list of required sta...ce nodes for the current kernel.
[[32m  OK  [0m] Closed udev Control Socket.
[[32m  OK  [0m] Closed udev Kernel Socket.
         Starting Cleanup udevd DB...
[[32m  OK  [0m] Started Cleanup udevd DB.
[[32m  OK  [0m] Reached target Switch Root.
         Starting Switch Root...
[    3.887184] systemd-journald[1025]: Received SIGTERM from PID 1 (systemd).
[    3.904901] printk: systemd: 13 output lines suppressed due to ratelimiting
[    3.954223] SELinux:  Runtime disable is deprecated, use selinux=0 on the kernel cmdline.
[    3.963277] SELinux:  Disabled at runtime.
[    3.969791] audit: type=1404 audit(1672791237.976:2): enforcing=0 old_enforcing=0 auid=4294967295 ses=4294967295 enabled=0 old-enabled=1 lsm=selinux res=1

Welcome to [0;33mAmazon Linux 2[0m!

[[32m  OK  [0m] Stopped Switch Root.
[[32m  OK  [0m] Stopped Journal Service.
         Starting Journal Service...
[[32m  OK  [0m] Listening on LVM2 metadata daemon socket.
[[32m  OK  [0m] Listening on /dev/initctl Compatibility Named Pipe.
[[32m  OK  [0m] Started Forward Password Requests to Wall Directory Watch.
         Starting Read and set NIS domainname from /etc/sysconfig/network...
[[32m  OK  [0m] Listening on udev Kernel Socket.
[[32m  OK  [0m] Set up automount Arbitrary Executab...ats File System Automount Point.
         Mounting POSIX Message Queue File System...
[[32m  OK  [0m] Created slice system-selinux\x2dpol...grate\x2dlocal\x2dchanges.slice.
[[32m  OK  [0m] Reached target Swap.
[[32m  OK  [0m] Stopped target Switch Root.
[[32m  OK  [0m] Listening on LVM2 poll daemon socket.
[[32m  OK  [0m] Listening on udev Control Socket.
[[32m  OK  [0m] Listening on Delayed Shutdown Socket.
[[32m  OK  [0m] Stopped target Initrd File Systems.
[[32m  OK  [0m] Created slice User and Session Slice.
[[32m  OK  [0m] Reached target Slices.
[[32m  OK  [0m] Stopped target Initrd Root File System.
[[32m  OK  [0m] Listening on Device-mapper event daemon FIFOs.
         Starting Monitoring of LVM2 mirrors... dmeventd or progress polling...
[[32m  OK  [0m] Created slice system-getty.slice.
         Starting Create list of required st... nodes for the current kernel...
         Mounting Huge Pages File System...
         Starting Setup Virtual Console...
         Starting Remount Root and Kernel File Systems...
[[32m  OK  [0m] Created slice system-serial\x2dgetty.slice.
         Mounting Debug File System...
[    4.258173] xfs filesystem being remounted at / supports timestamps until 2038 (0x7fffffff)
[[32m  OK  [0m] Mounted POSIX Message Queue File System.
[[32m  OK  [0m] Mounted Huge Pages File System.
[[32m  OK  [0m] Mounted Debug File System.
[[32m  OK  [0m] Started Journal Service.
[[32m  OK  [0m] Started Read and set NIS domainname from /etc/sysconfig/network.
[[32m  OK  [0m] Started Create list of required sta...ce nodes for the current kernel.
[[32m  OK  [0m] Started Setup Virtual Console.
[[32m  OK  [0m] Started Remount Root and Kernel File Systems.
[[32m  OK  [0m] Started LVM2 metadata daemon.
         Starting Load Kernel Modules...
         Starting Configure read-only root support...
         Starting Rebuild Hardware Database...
         Starting Create Static Device Nodes in /dev...
         Starting Flush Journal to Persistent Storage...
[[32m  OK  [0m] Started Load Kernel Modules.
[[32m  OK  [0m] Started Configure read-only root support.
[[32m  OK  [0m] Started Create Static Device Nodes in /dev.
[    4.381841] systemd-journald[1775]: Received request to flush runtime journal from PID 1
         Starting udev Kernel Device Manager...
         Starting Load/Save Random Seed...
         Starting Apply Kernel Variables...
[[32m  OK  [0m] Started Load/Save Random Seed.
[[32m  OK  [0m] Started Apply Kernel Variables.
[[32m  OK  [0m] Started udev Kernel Device Manager.
[[32m  OK  [0m] Started Flush Journal to Persistent Storage.
[[32m  OK  [0m] Started Rebuild Hardware Database.
         Starting udev Coldplug all Devices...
[    4.755683] input: Power Button as /devices/LNXSYSTM:00/LNXPWRBN:00/input/input3
[[32m  OK  [0m] Started udev Coldplug all Devices.
         Starting Show Plymouth Boot Screen...
[    4.821814] ACPI: Power Button [PWRF]
[    4.825047] input: Sleep Button as /devices/LNXSYSTM:00/LNXSLPBN:00/input/input4
         Starting udev Wait for Complete Device Initialization...
[    4.872160] input: ImExPS/2 Generic Explorer Mouse as /devices/platform/i8042/serio1/input/input5
[[32m  OK  [0m] Found device /dev/ttyS0.
[    4.895613] ACPI: Sleep Button [SLPF]
[[32m  OK  [0m] Started Show Plymouth Boot Screen.
[[32m  OK  [0m] Started Forward Password Requests to Plymouth Directory Watch.
[    4.929112] mousedev: PS/2 mouse device common for all mice
%G[    4.953679] cryptd: max_cpu_qlen set to 1000
[[32m  OK  [0m] Created slice system-ec2net\x2difup.slice.
[[32m  OK  [0m] Found device /sys/subsystem/net/devices/eth0.
[    4.976807] AVX2 version of gcm_enc/dec engaged.
[    4.976809] AES CTR mode by8 optimization enabled
[[32m  OK  [0m] Started udev Wait for Complete Device Initialization.
         Starting Activation of DM RAID sets...
[[32m  OK  [0m] Started Monitoring of LVM2 mirrors,...ng dmeventd or progress polling.
[[32m  OK  [0m] Reached target Local File Systems (Pre).
[    5.060193] device-mapper: uevent: version 1.0.3
[    5.064731] device-mapper: ioctl: 4.43.0-ioctl (2020-10-01) initialised: dm-devel@redhat.com
[[32m  OK  [0m] Started Activation of DM RAID sets.
[[32m  OK  [0m] Reached target Local Encrypted Volumes.
[[32m  OK  [0m] Reached target Local File Systems.
         Starting Tell Plymouth To Write Out Runtime Data...
         Starting Preprocess NFS configuration...
         Starting Rebuild Journal Catalog...
         Starting Create Volatile Files and Directories...
         Starting Mark the need to relabel after reboot...
         Starting Commit a transient machine-id on disk...
[[32m  OK  [0m] Started Mark the need to relabel after reboot.
[[32m  OK  [0m] Started Commit a transient machine-id on disk.
[[32m  OK  [0m] Started Preprocess NFS configuration.
[[32m  OK  [0m] Started Rebuild Journal Catalog.
         Starting Update is Completed...
[[32m  OK  [0m] Started Create Volatile Files and Directories.
         Mounting RPC Pipe File System...
         Starting Security Auditing Service...
[[32m  OK  [0m] Started Update is Completed.
[    5.196370] RPC: Registered named UNIX socket transport module.
[    5.202700] RPC: Registered udp transport module.
[    5.207578] RPC: Registered tcp transport module.
[    5.213478] RPC: Registered tcp NFSv4.1 backchannel transport module.
[[32m  OK  [0m] Mounted RPC Pipe File System.
[[32m  OK  [0m] Reached target rpc_pipefs.target.
[[32m  OK  [0m] Started Tell Plymouth To Write Out Runtime Data.
[[32m  OK  [0m] Started Security Auditing Service.
         Starting Update UTMP about System Boot/Shutdown...
[[32m  OK  [0m] Started Update UTMP about System Boot/Shutdown.
[[32m  OK  [0m] Reached target System Initialization.
[[32m  OK  [0m] Started Flexible branding.
[[32m  OK  [0m] Reached target Paths.
[[32m  OK  [0m] Listening on RPCbind Server Activation Socket.
         Starting RPC bind service...
[[32m  OK  [0m] Listening on D-Bus System Message Bus Socket.
[[32m  OK  [0m] Reached target Sockets.
[[32m  OK  [0m] Started Daily Cleanup of Temporary Directories.
[[32m  OK  [0m] Reached target Timers.
[[32m  OK  [0m] Reached target Basic System.
         Starting Hardware RNG Entropy Gatherer Wake threshold service...
         Starting Initial cloud-init job (pre-networking)...
         Starting Login Service...
         Starting ACPI Event Daemon...
[[32m  OK  [0m] Started D-Bus System Message Bus.
         Starting Resets System Activity Logs...
         Starting Dump dmesg to /var/log/dmesg...
[[32m  OK  [0m] Started libstoragemgmt plug-in server daemon.
[    5.407036] xfs filesystem being remounted at /tmp supports timestamps until 2038 (0x7fffffff)
[    5.464244] xfs filesystem being remounted at /var/tmp supports timestamps until 2038 (0x7fffffff)
         Starting NTP client/server...
         Starting GSSAPI Proxy Daemon...
[[32m  OK  [0m] Started irqbalance daemon.
[[32m  OK  [0m] Started RPC bind service.
[[32m  OK  [0m] Started Hardware RNG Entropy Gatherer Wake threshold service.
[[32m  OK  [0m] Started ACPI Event Daemon.
[[32m  OK  [0m] Started Dump dmesg to /var/log/dmesg.
[[32m  OK  [0m] Started Login Service.
[[32m  OK  [0m] Started Resets System Activity Logs.
[[32m  OK  [0m] Started Hardware RNG Entropy Gatherer Daemon.
[[32m  OK  [0m] Started GSSAPI Proxy Daemon.
[[32m  OK  [0m] Reached target NFS client services.
[[32m  OK  [0m] Reached target Remote File Systems (Pre).
[[32m  OK  [0m] Reached target Remote File Systems.
[[32m  OK  [0m] Started NTP client/server.
[    5.240331] cloud-init[2614]: Cloud-init v. 19.3-46.amzn2 running 'init-local' at Wed, 04 Jan 2023 00:14:00 +0000. Up 5.20 seconds.
[[32m  OK  [0m] Started Initial cloud-init job (pre-networking).
[[32m  OK  [0m] Reached target Network (Pre).
         Starting LSB: Bring up/down networking...
[[32m  OK  [0m] Started LSB: Bring up/down networking.
[[32m  OK  [0m] Reached target Network.
         Starting Postfix Mail Transport Agent...
         Starting Initial cloud-init job (metadata service crawler)...
[    6.376096] cloud-init[2970]: Cloud-init v. 19.3-46.amzn2 running 'init' at Wed, 04 Jan 2023 00:14:01 +0000. Up 6.32 seconds.
[    6.411991] cloud-init[2970]: ci-info: ++++++++++++++++++++++++++++++++++++++Net device info+++++++++++++++++++++++++++++++++++++++
[    6.412213] cloud-init[2970]: ci-info: +--------+------+-----------------------------+---------------+--------+-------------------+
[    6.412343] cloud-init[2970]: ci-info: | Device |  Up  |           Address           |      Mask     | Scope  |     Hw-Address    |
[    6.412460] cloud-init[2970]: ci-info: +--------+------+-----------------------------+---------------+--------+-------------------+
[    6.412574] cloud-init[2970]: ci-info: |  eth0  | True |          10.0.1.10          | 255.255.255.0 | global | 06:fa:fe:49:62:61 |
[    6.412688] cloud-init[2970]: ci-info: |  eth0  | True | fe80::4fa:feff:fe49:6261/64 |       .       |  link  | 06:fa:fe:49:62:61 |
[    6.412812] cloud-init[2970]: ci-info: |   lo   | True |          127.0.0.1          |   255.0.0.0   |  host  |         .         |
[    6.412928] cloud-init[2970]: ci-info: |   lo   | True |           ::1/128           |       .       |  host  |         .         |
[    6.413046] cloud-init[2970]: ci-info: +--------+------+-----------------------------+---------------+--------+-------------------+
[    6.413154] cloud-init[2970]: ci-info: ++++++++++++++++++++++++++++++Route IPv4 info+++++++++++++++++++++++++++++++
[    6.413268] cloud-init[2970]: ci-info: +-------+-----------------+----------+-----------------+-----------+-------+
[    6.413382] cloud-init[2970]: ci-info: | Route |   Destination   | Gateway  |     Genmask     | Interface | Flags |
[    6.413500] cloud-init[2970]: ci-info: +-------+-----------------+----------+-----------------+-----------+-------+
[    6.413616] cloud-init[2970]: ci-info: |   0   |     0.0.0.0     | 10.0.1.1 |     0.0.0.0     |    eth0   |   UG  |
[    6.413725] cloud-init[2970]: ci-info: |   1   |     10.0.1.0    | 0.0.0.0  |  255.255.255.0  |    eth0   |   U   |
[    6.413833] cloud-init[2970]: ci-info: |   2   | 169.254.169.254 | 0.0.0.0  | 255.255.255.255 |    eth0   |   UH  |
[    6.413947] cloud-init[2970]: ci-info: +-------+-----------------+----------+-----------------+-----------+-------+
[    6.414056] cloud-init[2970]: ci-info: +++++++++++++++++++Route IPv6 info+++++++++++++++++++
[    6.414181] cloud-init[2970]: ci-info: +-------+-------------+---------+-----------+-------+
[    6.414297] cloud-init[2970]: ci-info: | Route | Destination | Gateway | Interface | Flags |
[    6.414406] cloud-init[2970]: ci-info: +-------+-------------+---------+-----------+-------+
[    6.414514] cloud-init[2970]: ci-info: |   9   |  fe80::/64  |    ::   |    eth0   |   U   |
[    6.414623] cloud-init[2970]: ci-info: |   11  |    local    |    ::   |    eth0   |   U   |
[    6.414731] cloud-init[2970]: ci-info: |   12  |  multicast  |    ::   |    eth0   |   U   |
[    6.414853] cloud-init[2970]: ci-info: +-------+-------------+---------+-----------+-------+
[[32m  OK  [0m] Started Postfix Mail Transport Agent.
         Starting Hostname Service...
[    8.728578] xfs filesystem being remounted at /tmp supports timestamps until 2038 (0x7fffffff)
[    8.769119] xfs filesystem being remounted at /var/tmp supports timestamps until 2038 (0x7fffffff)
[[32m  OK  [0m] Started Hostname Service.
[[32m  OK  [0m] Started Initial cloud-init job (metadata service crawler).
[[32m  OK  [0m] Reached target Network is Online.
[[32m  OK  [0m] Started amazon-ssm-agent.
         Starting System Logging Service...
         Starting Finds and configures elastic network interfaces...
         Starting Dynamically Generate Message Of The Day...
         Starting Notify NFS peers of a restart...
         Starting Permit User Sessions...
         Starting OpenSSH Server Key Generation...
[[32m  OK  [0m] Reached target Cloud-config availability.
         Starting Apply the settings specified in cloud-config...
[[32m  OK  [0m] Started Notify NFS peers of a restart.
[[32m  OK  [0m] Started Permit User Sessions.
[[32m  OK  [0m] Started Command Scheduler.
         Starting Wait for Plymouth Boot Screen to Quit...
[[32m  OK  [0m] Started Job spooling tools.
         Starting Terminate Plymouth Boot Screen...
[[32m  OK  [0m] Started System Logging Service.
[[32m  OK  [0m] Started Finds and configures elastic network interfaces.
[    9.265688] cloud-init[3129]: Cloud-init v. 19.3-46.amzn2 running 'modules:config' at Wed, 04 Jan 2023 00:14:04 +0000. Up 9.20 seconds.
2023/01/04 00:14:04Z: Amazon SSM Agent v3.1.1732.0 is running
2023/01/04 00:14:04Z: OsProductName: Amazon Linux
2023/01/04 00:14:04Z: OsVersion: 2
[   10.033042] cloud-init[3129]: Loaded plugins: extras_suggestions, langpacks, priorities, update-motd

Amazon Linux 2
Kernel 5.10.157-139.675.amzn2.x86_64 on an x86_64

ip-10-0-1-10 login: [   44.983498] cloud-init[3129]: One of the configured repositories failed (Unknown),
[   44.992301] cloud-init[3129]: and yum doesn't have enough cached data to continue. At this point the only
[   45.000230] cloud-init[3129]: safe thing yum can do is fail. There are a few ways to work "fix" this:
[   45.012759] cloud-init[3129]: 1. Contact the upstream for the repository and get them to fix the problem.
[   45.020226] cloud-init[3129]: 2. Reconfigure the baseurl/etc. for the repository, to point to a working
[   45.027007] cloud-init[3129]: upstream. This is most often useful if you are using a newer
[   45.032347] cloud-init[3129]: distribution release than is supported by the repository (and the
[   45.038597] cloud-init[3129]: packages for the previous distribution release still work).
[   45.044139] cloud-init[3129]: 3. Run the command with the repository temporarily disabled
[   45.051468] cloud-init[3129]: yum --disablerepo=<repoid> ...
[   45.055413] cloud-init[3129]: 4. Disable the repository permanently, so yum won't use it by default. Yum
[   45.061763] cloud-init[3129]: will then just ignore the repository until you permanently enable it
[   45.066981] cloud-init[3129]: again or use --enablerepo for temporary usage:
[   45.076187] cloud-init[3129]: yum-config-manager --disable <repoid>
[   45.084172] cloud-init[3129]: or
[   45.086190] cloud-init[3129]: subscription-manager repos --disable=<repoid>
[   45.096267] cloud-init[3129]: 5. Configure the failing repository to be skipped, if it is unavailable.
[   45.108202] cloud-init[3129]: Note that yum will try to contact the repo. when it runs most commands,
[   45.116203] cloud-init[3129]: so will have to try and fail each time (and thus. yum will be be much
[   45.127822] cloud-init[3129]: slower). If it is a very temporary problem though, this is often a nice
[   45.148214] cloud-init[3129]: compromise:
[   45.151993] cloud-init[3129]: yum-config-manager --save --setopt=<repoid>.skip_if_unavailable=true
[   45.172211] cloud-init[3129]: Cannot find a valid baseurl for repo: amzn2-core/2/x86_64
[   45.192585] cloud-init[3129]: Could not retrieve mirrorlist https://amazonlinux-2-repos-us-east-1.s3.dualstack.us-east-1.amazonaws.com/2/core/latest/x86_64/mirror.list error was
[   45.216326] cloud-init[3129]: 12: Timeout on https://amazonlinux-2-repos-us-east-1.s3.dualstack.us-east-1.amazonaws.com/2/core/latest/x86_64/mirror.list: (28, 'Failed to connect to amazonlinux-2-repos-us-east-1.s3.dualstack.us-east-1.amazonaws.com port 443 after 4983 ms: Connection timed out')
[   45.256241] cloud-init[3129]: Jan 04 00:14:39 cloud-init[3129]: util.py[WARNING]: Package upgrade failed
[   45.272202] cloud-init[3129]: Jan 04 00:14:39 cloud-init[3129]: cc_package_update_upgrade_install.py[WARNING]: 1 failed with exceptions, re-raising the last one
[   45.296184] cloud-init[3129]: Jan 04 00:14:39 cloud-init[3129]: util.py[WARNING]: Running module package-update-upgrade-install (<module 'cloudinit.config.cc_package_update_upgrade_install' from '/usr/lib/python2.7/site-packages/cloudinit/config/cc_package_update_upgrade_install.pyc'>) failed
[   45.696879] cloud-init[3244]: Cloud-init v. 19.3-46.amzn2 running 'modules:final' at Wed, 04 Jan 2023 00:14:40 +0000. Up 45.63 seconds.
[   46.216937] cloud-init[3244]: Loaded plugins: extras_suggestions, langpacks, priorities, update-motd
[   81.157217] cloud-init[3244]: One of the configured repositories failed (Unknown),
[   81.168371] cloud-init[3244]: and yum doesn't have enough cached data to continue. At this point the only
[   81.184474] cloud-init[3244]: safe thing yum can do is fail. There are a few ways to work "fix" this:
[   81.198413] cloud-init[3244]: 1. Contact the upstream for the repository and get them to fix the problem.
[   81.221646] cloud-init[3244]: 2. Reconfigure the baseurl/etc. for the repository, to point to a working
[   81.239967] cloud-init[3244]: upstream. This is most often useful if you are using a newer
[   81.252280] cloud-init[3244]: distribution release than is supported by the repository (and the
[   81.264183] cloud-init[3244]: packages for the previous distribution release still work).
[   81.272313] cloud-init[3244]: 3. Run the command with the repository temporarily disabled
[   81.284271] cloud-init[3244]: yum --disablerepo=<repoid> ...
[   81.292103] cloud-init[3244]: 4. Disable the repository permanently, so yum won't use it by default. Yum
[   81.300261] cloud-init[3244]: will then just ignore the repository until you permanently enable it
[   81.312390] cloud-init[3244]: again or use --enablerepo for temporary usage:
[   81.321434] cloud-init[3244]: yum-config-manager --disable <repoid>
[   81.332250] cloud-init[3244]: or
[   81.334006] cloud-init[3244]: subscription-manager repos --disable=<repoid>
[   81.340244] cloud-init[3244]: 5. Configure the failing repository to be skipped, if it is unavailable.
[   81.352290] cloud-init[3244]: Note that yum will try to contact the repo. when it runs most commands,
[   81.360301] cloud-init[3244]: so will have to try and fail each time (and thus. yum will be be much
[   81.372242] cloud-init[3244]: slower). If it is a very temporary problem though, this is often a nice
[   81.380207] cloud-init[3244]: compromise:
[   81.387949] cloud-init[3244]: yum-config-manager --save --setopt=<repoid>.skip_if_unavailable=true
[   81.400298] cloud-init[3244]: Cannot find a valid baseurl for repo: amzn2-core/2/x86_64
[   81.408635] cloud-init[3244]: Could not retrieve mirrorlist https://amazonlinux-2-repos-us-east-1.s3.dualstack.us-east-1.amazonaws.com/2/core/latest/x86_64/mirror.list error was
[   81.424289] cloud-init[3244]: 12: Timeout on https://amazonlinux-2-repos-us-east-1.s3.dualstack.us-east-1.amazonaws.com/2/core/latest/x86_64/mirror.list: (28, 'Failed to connect to amazonlinux-2-repos-us-east-1.s3.dualstack.us-east-1.amazonaws.com port 443 after 4983 ms: Connection timed out')
